<testsuites id="" name="" tests="15" failures="13" skipped="0" errors="0" time="101.150408">
<testsuite name="generated/flow_localzoho_com.spec.ts" timestamp="2026-03-23T15:28:55.576Z" hostname="chromium" tests="5" failures="4" skipped="0" time="77.585" errors="0">
<testcase name="https://flow.localzoho.com › should load the page" classname="generated/flow_localzoho_com.spec.ts" time="23.93">
<failure message="flow_localzoho_com.spec.ts:8:7 should load the page" type="FAILURE">
<![CDATA[  [chromium] › generated/flow_localzoho_com.spec.ts:8:7 › https://flow.localzoho.com › should load the page 

    Error: expect(page).toHaveURL(expected) failed

    Expected: "https://flow.localzoho.com/"
    Received: "https://www.localzoho.com/flow/"
    Timeout:  5000ms

    Call log:
      - Expect "toHaveURL" with timeout 5000ms
        9 × unexpected value "https://www.localzoho.com/flow/"


       7 |
       8 |   test('should load the page', async ({ page }) => {
    >  9 |     await expect(page).toHaveURL('https://flow.localzoho.com');
         |                        ^
      10 |   });
      11 |
      12 |   test('should have a search bar', async ({ page }) => {
        at /Users/mani-19773/automation-framework/src/tests/generated/flow_localzoho_com.spec.ts:9:24

    attachment #1: screenshot (image/png) ──────────────────────────────────────────────────────────
    ../../test-results/generated-flow_localzoho_c-bb56a-ho-com-should-load-the-page-chromium/test-failed-1.png
    ────────────────────────────────────────────────────────────────────────────────────────────────

    attachment #2: video (video/webm) ──────────────────────────────────────────────────────────────
    ../../test-results/generated-flow_localzoho_c-bb56a-ho-com-should-load-the-page-chromium/video.webm
    ────────────────────────────────────────────────────────────────────────────────────────────────

    Error Context: ../../test-results/generated-flow_localzoho_c-bb56a-ho-com-should-load-the-page-chromium/error-context.md

    Retry #1 ───────────────────────────────────────────────────────────────────────────────────────

    Error: expect(page).toHaveURL(expected) failed

    Expected: "https://flow.localzoho.com/"
    Received: "https://www.localzoho.com/flow/"
    Timeout:  5000ms

    Call log:
      - Expect "toHaveURL" with timeout 5000ms
        9 × unexpected value "https://www.localzoho.com/flow/"


       7 |
       8 |   test('should load the page', async ({ page }) => {
    >  9 |     await expect(page).toHaveURL('https://flow.localzoho.com');
         |                        ^
      10 |   });
      11 |
      12 |   test('should have a search bar', async ({ page }) => {
        at /Users/mani-19773/automation-framework/src/tests/generated/flow_localzoho_com.spec.ts:9:24

    attachment #1: screenshot (image/png) ──────────────────────────────────────────────────────────
    ../../test-results/generated-flow_localzoho_c-bb56a-ho-com-should-load-the-page-chromium-retry1/test-failed-1.png
    ────────────────────────────────────────────────────────────────────────────────────────────────

    attachment #2: video (video/webm) ──────────────────────────────────────────────────────────────
    ../../test-results/generated-flow_localzoho_c-bb56a-ho-com-should-load-the-page-chromium-retry1/video.webm
    ────────────────────────────────────────────────────────────────────────────────────────────────

    Error Context: ../../test-results/generated-flow_localzoho_c-bb56a-ho-com-should-load-the-page-chromium-retry1/error-context.md

    attachment #4: trace (application/zip) ─────────────────────────────────────────────────────────
    ../../test-results/generated-flow_localzoho_c-bb56a-ho-com-should-load-the-page-chromium-retry1/trace.zip
    Usage:

        npx playwright show-trace ../../test-results/generated-flow_localzoho_c-bb56a-ho-com-should-load-the-page-chromium-retry1/trace.zip

    ────────────────────────────────────────────────────────────────────────────────────────────────
]]>
</failure>
<system-out>
<![CDATA[
[[ATTACHMENT|generated-flow_localzoho_c-bb56a-ho-com-should-load-the-page-chromium/test-failed-1.png]]

[[ATTACHMENT|generated-flow_localzoho_c-bb56a-ho-com-should-load-the-page-chromium/video.webm]]

[[ATTACHMENT|generated-flow_localzoho_c-bb56a-ho-com-should-load-the-page-chromium/error-context.md]]

[[ATTACHMENT|generated-flow_localzoho_c-bb56a-ho-com-should-load-the-page-chromium-retry1/test-failed-1.png]]

[[ATTACHMENT|generated-flow_localzoho_c-bb56a-ho-com-should-load-the-page-chromium-retry1/video.webm]]

[[ATTACHMENT|generated-flow_localzoho_c-bb56a-ho-com-should-load-the-page-chromium-retry1/error-context.md]]

[[ATTACHMENT|generated-flow_localzoho_c-bb56a-ho-com-should-load-the-page-chromium-retry1/trace.zip]]
]]>
</system-out>
</testcase>
<testcase name="https://flow.localzoho.com › should have a search bar" classname="generated/flow_localzoho_com.spec.ts" time="24.433">
<failure message="flow_localzoho_com.spec.ts:12:7 should have a search bar" type="FAILURE">
<![CDATA[  [chromium] › generated/flow_localzoho_com.spec.ts:12:7 › https://flow.localzoho.com › should have a search bar 

    Error: expect(locator).toBeVisible() failed

    Locator:  locator('#zgh-search-query')
    Expected: visible
    Received: hidden
    Timeout:  5000ms

    Call log:
      - Expect "toBeVisible" with timeout 5000ms
      - waiting for locator('#zgh-search-query')
        9 × locator resolved to <input type="text" name="query" autocomplete="off" aria-required="true" id="zgh-search-query" class="zgh-search-field" aria-label="Search for product overviews, FAQs, and more..." placeholder="Search for product overviews, FAQs, and more..."/>
          - unexpected value "hidden"


      12 |   test('should have a search bar', async ({ page }) => {
      13 |     const searchBar = page.locator('#zgh-search-query');
    > 14 |     await expect(searchBar).toBeVisible();
         |                             ^
      15 |   });
      16 |
      17 |   test('should have a signup form', async ({ page }) => {
        at /Users/mani-19773/automation-framework/src/tests/generated/flow_localzoho_com.spec.ts:14:29

    attachment #1: screenshot (image/png) ──────────────────────────────────────────────────────────
    ../../test-results/generated-flow_localzoho_c-041ab-om-should-have-a-search-bar-chromium/test-failed-1.png
    ────────────────────────────────────────────────────────────────────────────────────────────────

    attachment #2: video (video/webm) ──────────────────────────────────────────────────────────────
    ../../test-results/generated-flow_localzoho_c-041ab-om-should-have-a-search-bar-chromium/video.webm
    ────────────────────────────────────────────────────────────────────────────────────────────────

    Error Context: ../../test-results/generated-flow_localzoho_c-041ab-om-should-have-a-search-bar-chromium/error-context.md

    Retry #1 ───────────────────────────────────────────────────────────────────────────────────────

    Error: expect(locator).toBeVisible() failed

    Locator:  locator('#zgh-search-query')
    Expected: visible
    Received: hidden
    Timeout:  5000ms

    Call log:
      - Expect "toBeVisible" with timeout 5000ms
      - waiting for locator('#zgh-search-query')
        9 × locator resolved to <input type="text" name="query" autocomplete="off" aria-required="true" id="zgh-search-query" class="zgh-search-field" aria-label="Search for product overviews, FAQs, and more..." placeholder="Search for product overviews, FAQs, and more..."/>
          - unexpected value "hidden"


      12 |   test('should have a search bar', async ({ page }) => {
      13 |     const searchBar = page.locator('#zgh-search-query');
    > 14 |     await expect(searchBar).toBeVisible();
         |                             ^
      15 |   });
      16 |
      17 |   test('should have a signup form', async ({ page }) => {
        at /Users/mani-19773/automation-framework/src/tests/generated/flow_localzoho_com.spec.ts:14:29

    attachment #1: screenshot (image/png) ──────────────────────────────────────────────────────────
    ../../test-results/generated-flow_localzoho_c-041ab-om-should-have-a-search-bar-chromium-retry1/test-failed-1.png
    ────────────────────────────────────────────────────────────────────────────────────────────────

    attachment #2: video (video/webm) ──────────────────────────────────────────────────────────────
    ../../test-results/generated-flow_localzoho_c-041ab-om-should-have-a-search-bar-chromium-retry1/video.webm
    ────────────────────────────────────────────────────────────────────────────────────────────────

    Error Context: ../../test-results/generated-flow_localzoho_c-041ab-om-should-have-a-search-bar-chromium-retry1/error-context.md

    attachment #4: trace (application/zip) ─────────────────────────────────────────────────────────
    ../../test-results/generated-flow_localzoho_c-041ab-om-should-have-a-search-bar-chromium-retry1/trace.zip
    Usage:

        npx playwright show-trace ../../test-results/generated-flow_localzoho_c-041ab-om-should-have-a-search-bar-chromium-retry1/trace.zip

    ────────────────────────────────────────────────────────────────────────────────────────────────
]]>
</failure>
<system-out>
<![CDATA[
[[ATTACHMENT|generated-flow_localzoho_c-041ab-om-should-have-a-search-bar-chromium/test-failed-1.png]]

[[ATTACHMENT|generated-flow_localzoho_c-041ab-om-should-have-a-search-bar-chromium/video.webm]]

[[ATTACHMENT|generated-flow_localzoho_c-041ab-om-should-have-a-search-bar-chromium/error-context.md]]

[[ATTACHMENT|generated-flow_localzoho_c-041ab-om-should-have-a-search-bar-chromium-retry1/test-failed-1.png]]

[[ATTACHMENT|generated-flow_localzoho_c-041ab-om-should-have-a-search-bar-chromium-retry1/video.webm]]

[[ATTACHMENT|generated-flow_localzoho_c-041ab-om-should-have-a-search-bar-chromium-retry1/error-context.md]]

[[ATTACHMENT|generated-flow_localzoho_c-041ab-om-should-have-a-search-bar-chromium-retry1/trace.zip]]
]]>
</system-out>
</testcase>
<testcase name="https://flow.localzoho.com › should have a signup form" classname="generated/flow_localzoho_com.spec.ts" time="11.72">
<failure message="flow_localzoho_com.spec.ts:17:7 should have a signup form" type="FAILURE">
<![CDATA[  [chromium] › generated/flow_localzoho_com.spec.ts:17:7 › https://flow.localzoho.com › should have a signup form 

    Error: expect(locator).toBeVisible() failed

    Locator: locator('form')
    Expected: visible
    Error: strict mode violation: locator('form') resolved to 4 elements:
        1) <form name="" action="" id="zgh-search-action">…</form> aka locator('#zgh-search-action')
        2) <form method="post" novalidate="" id="signupform" name="signupform" autocomplete="off" class="banner-signup" action="//accounts.zoho.com/accounts/register.ac">…</form> aka locator('#signupform')
        3) <form id="footer-search-action">…</form> aka locator('#footer-search-action')
        4) <form action="" id="zmobile-menu-searchaction">…</form> aka locator('#zmobile-menu-searchaction')

    Call log:
      - Expect "toBeVisible" with timeout 5000ms
      - waiting for locator('form')


      17 |   test('should have a signup form', async ({ page }) => {
      18 |     const form = page.locator('form');
    > 19 |     await expect(form).toBeVisible();
         |                        ^
      20 |   });
      21 |
      22 |   test('should have a skip to main content link', async ({ page }) => {
        at /Users/mani-19773/automation-framework/src/tests/generated/flow_localzoho_com.spec.ts:19:24

    attachment #1: screenshot (image/png) ──────────────────────────────────────────────────────────
    ../../test-results/generated-flow_localzoho_c-f89a7-m-should-have-a-signup-form-chromium/test-failed-1.png
    ────────────────────────────────────────────────────────────────────────────────────────────────

    attachment #2: video (video/webm) ──────────────────────────────────────────────────────────────
    ../../test-results/generated-flow_localzoho_c-f89a7-m-should-have-a-signup-form-chromium/video.webm
    ────────────────────────────────────────────────────────────────────────────────────────────────

    Error Context: ../../test-results/generated-flow_localzoho_c-f89a7-m-should-have-a-signup-form-chromium/error-context.md

    Retry #1 ───────────────────────────────────────────────────────────────────────────────────────

    Error: expect(locator).toBeVisible() failed

    Locator: locator('form')
    Expected: visible
    Error: strict mode violation: locator('form') resolved to 4 elements:
        1) <form name="" action="" id="zgh-search-action">…</form> aka locator('#zgh-search-action')
        2) <form method="post" novalidate="" id="signupform" name="signupform" autocomplete="off" class="banner-signup" action="//accounts.zoho.com/accounts/register.ac">…</form> aka locator('#signupform')
        3) <form id="footer-search-action">…</form> aka locator('#footer-search-action')
        4) <form action="" id="zmobile-menu-searchaction">…</form> aka locator('#zmobile-menu-searchaction')

    Call log:
      - Expect "toBeVisible" with timeout 5000ms
      - waiting for locator('form')


      17 |   test('should have a signup form', async ({ page }) => {
      18 |     const form = page.locator('form');
    > 19 |     await expect(form).toBeVisible();
         |                        ^
      20 |   });
      21 |
      22 |   test('should have a skip to main content link', async ({ page }) => {
        at /Users/mani-19773/automation-framework/src/tests/generated/flow_localzoho_com.spec.ts:19:24

    attachment #1: screenshot (image/png) ──────────────────────────────────────────────────────────
    ../../test-results/generated-flow_localzoho_c-f89a7-m-should-have-a-signup-form-chromium-retry1/test-failed-1.png
    ────────────────────────────────────────────────────────────────────────────────────────────────

    attachment #2: video (video/webm) ──────────────────────────────────────────────────────────────
    ../../test-results/generated-flow_localzoho_c-f89a7-m-should-have-a-signup-form-chromium-retry1/video.webm
    ────────────────────────────────────────────────────────────────────────────────────────────────

    Error Context: ../../test-results/generated-flow_localzoho_c-f89a7-m-should-have-a-signup-form-chromium-retry1/error-context.md

    attachment #4: trace (application/zip) ─────────────────────────────────────────────────────────
    ../../test-results/generated-flow_localzoho_c-f89a7-m-should-have-a-signup-form-chromium-retry1/trace.zip
    Usage:

        npx playwright show-trace ../../test-results/generated-flow_localzoho_c-f89a7-m-should-have-a-signup-form-chromium-retry1/trace.zip

    ────────────────────────────────────────────────────────────────────────────────────────────────
]]>
</failure>
<system-out>
<![CDATA[
[[ATTACHMENT|generated-flow_localzoho_c-f89a7-m-should-have-a-signup-form-chromium/test-failed-1.png]]

[[ATTACHMENT|generated-flow_localzoho_c-f89a7-m-should-have-a-signup-form-chromium/video.webm]]

[[ATTACHMENT|generated-flow_localzoho_c-f89a7-m-should-have-a-signup-form-chromium/error-context.md]]

[[ATTACHMENT|generated-flow_localzoho_c-f89a7-m-should-have-a-signup-form-chromium-retry1/test-failed-1.png]]

[[ATTACHMENT|generated-flow_localzoho_c-f89a7-m-should-have-a-signup-form-chromium-retry1/video.webm]]

[[ATTACHMENT|generated-flow_localzoho_c-f89a7-m-should-have-a-signup-form-chromium-retry1/error-context.md]]

[[ATTACHMENT|generated-flow_localzoho_c-f89a7-m-should-have-a-signup-form-chromium-retry1/trace.zip]]
]]>
</system-out>
</testcase>
<testcase name="https://flow.localzoho.com › should have a skip to main content link" classname="generated/flow_localzoho_com.spec.ts" time="5.86">
</testcase>
<testcase name="https://flow.localzoho.com › should have navigation links" classname="generated/flow_localzoho_com.spec.ts" time="11.642">
<failure message="flow_localzoho_com.spec.ts:27:7 should have navigation links" type="FAILURE">
<![CDATA[  [chromium] › generated/flow_localzoho_com.spec.ts:27:7 › https://flow.localzoho.com › should have navigation links 

    Error: expect: Property 'toHaveCountGreaterThan' not found.

      27 |   test('should have navigation links', async ({ page }) => {
      28 |     const links = page.locator('.nav-link');
    > 29 |     await expect(links).toHaveCountGreaterThan(0);
         |                        ^
      30 |   });
      31 | });
        at /Users/mani-19773/automation-framework/src/tests/generated/flow_localzoho_com.spec.ts:29:24

    attachment #1: screenshot (image/png) ──────────────────────────────────────────────────────────
    ../../test-results/generated-flow_localzoho_c-1fbb9-hould-have-navigation-links-chromium/test-failed-1.png
    ────────────────────────────────────────────────────────────────────────────────────────────────

    attachment #2: video (video/webm) ──────────────────────────────────────────────────────────────
    ../../test-results/generated-flow_localzoho_c-1fbb9-hould-have-navigation-links-chromium/video.webm
    ────────────────────────────────────────────────────────────────────────────────────────────────

    Error Context: ../../test-results/generated-flow_localzoho_c-1fbb9-hould-have-navigation-links-chromium/error-context.md

    Retry #1 ───────────────────────────────────────────────────────────────────────────────────────

    Error: expect: Property 'toHaveCountGreaterThan' not found.

      27 |   test('should have navigation links', async ({ page }) => {
      28 |     const links = page.locator('.nav-link');
    > 29 |     await expect(links).toHaveCountGreaterThan(0);
         |                        ^
      30 |   });
      31 | });
        at /Users/mani-19773/automation-framework/src/tests/generated/flow_localzoho_com.spec.ts:29:24

    attachment #1: screenshot (image/png) ──────────────────────────────────────────────────────────
    ../../test-results/generated-flow_localzoho_c-1fbb9-hould-have-navigation-links-chromium-retry1/test-failed-1.png
    ────────────────────────────────────────────────────────────────────────────────────────────────

    attachment #2: video (video/webm) ──────────────────────────────────────────────────────────────
    ../../test-results/generated-flow_localzoho_c-1fbb9-hould-have-navigation-links-chromium-retry1/video.webm
    ────────────────────────────────────────────────────────────────────────────────────────────────

    Error Context: ../../test-results/generated-flow_localzoho_c-1fbb9-hould-have-navigation-links-chromium-retry1/error-context.md

    attachment #4: trace (application/zip) ─────────────────────────────────────────────────────────
    ../../test-results/generated-flow_localzoho_c-1fbb9-hould-have-navigation-links-chromium-retry1/trace.zip
    Usage:

        npx playwright show-trace ../../test-results/generated-flow_localzoho_c-1fbb9-hould-have-navigation-links-chromium-retry1/trace.zip

    ────────────────────────────────────────────────────────────────────────────────────────────────
]]>
</failure>
<system-out>
<![CDATA[
[[ATTACHMENT|generated-flow_localzoho_c-1fbb9-hould-have-navigation-links-chromium/test-failed-1.png]]

[[ATTACHMENT|generated-flow_localzoho_c-1fbb9-hould-have-navigation-links-chromium/video.webm]]

[[ATTACHMENT|generated-flow_localzoho_c-1fbb9-hould-have-navigation-links-chromium/error-context.md]]

[[ATTACHMENT|generated-flow_localzoho_c-1fbb9-hould-have-navigation-links-chromium-retry1/test-failed-1.png]]

[[ATTACHMENT|generated-flow_localzoho_c-1fbb9-hould-have-navigation-links-chromium-retry1/video.webm]]

[[ATTACHMENT|generated-flow_localzoho_c-1fbb9-hould-have-navigation-links-chromium-retry1/error-context.md]]

[[ATTACHMENT|generated-flow_localzoho_c-1fbb9-hould-have-navigation-links-chromium-retry1/trace.zip]]
]]>
</system-out>
</testcase>
</testsuite>
<testsuite name="generated/flow_localzoho_com.spec.ts" timestamp="2026-03-23T15:28:55.576Z" hostname="firefox" tests="5" failures="5" skipped="0" time="11.569" errors="0">
<testcase name="https://flow.localzoho.com › should load the page" classname="generated/flow_localzoho_com.spec.ts" time="2.316">
<failure message="flow_localzoho_com.spec.ts:8:7 should load the page" type="FAILURE">
<![CDATA[  [firefox] › generated/flow_localzoho_com.spec.ts:8:7 › https://flow.localzoho.com › should load the page 

    Error: page.goto: NS_ERROR_CONNECTION_REFUSED
    Call log:
      - navigating to "https://flow.localzoho.com/", waiting until "load"


      3 | test.describe('https://flow.localzoho.com', () => {
      4 |   test.beforeEach(async ({ page }) => {
    > 5 |     await page.goto('https://flow.localzoho.com');
        |                ^
      6 |   });
      7 |
      8 |   test('should load the page', async ({ page }) => {
        at /Users/mani-19773/automation-framework/src/tests/generated/flow_localzoho_com.spec.ts:5:16

    attachment #1: screenshot (image/png) ──────────────────────────────────────────────────────────
    ../../test-results/generated-flow_localzoho_c-bb56a-ho-com-should-load-the-page-firefox/test-failed-1.png
    ────────────────────────────────────────────────────────────────────────────────────────────────

    attachment #2: video (video/webm) ──────────────────────────────────────────────────────────────
    ../../test-results/generated-flow_localzoho_c-bb56a-ho-com-should-load-the-page-firefox/video.webm
    ────────────────────────────────────────────────────────────────────────────────────────────────

    Error Context: ../../test-results/generated-flow_localzoho_c-bb56a-ho-com-should-load-the-page-firefox/error-context.md

    Retry #1 ───────────────────────────────────────────────────────────────────────────────────────

    Error: page.goto: NS_ERROR_CONNECTION_REFUSED
    Call log:
      - navigating to "https://flow.localzoho.com/", waiting until "load"


      3 | test.describe('https://flow.localzoho.com', () => {
      4 |   test.beforeEach(async ({ page }) => {
    > 5 |     await page.goto('https://flow.localzoho.com');
        |                ^
      6 |   });
      7 |
      8 |   test('should load the page', async ({ page }) => {
        at /Users/mani-19773/automation-framework/src/tests/generated/flow_localzoho_com.spec.ts:5:16

    attachment #1: screenshot (image/png) ──────────────────────────────────────────────────────────
    ../../test-results/generated-flow_localzoho_c-bb56a-ho-com-should-load-the-page-firefox-retry1/test-failed-1.png
    ────────────────────────────────────────────────────────────────────────────────────────────────

    attachment #2: video (video/webm) ──────────────────────────────────────────────────────────────
    ../../test-results/generated-flow_localzoho_c-bb56a-ho-com-should-load-the-page-firefox-retry1/video.webm
    ────────────────────────────────────────────────────────────────────────────────────────────────

    Error Context: ../../test-results/generated-flow_localzoho_c-bb56a-ho-com-should-load-the-page-firefox-retry1/error-context.md

    attachment #4: trace (application/zip) ─────────────────────────────────────────────────────────
    ../../test-results/generated-flow_localzoho_c-bb56a-ho-com-should-load-the-page-firefox-retry1/trace.zip
    Usage:

        npx playwright show-trace ../../test-results/generated-flow_localzoho_c-bb56a-ho-com-should-load-the-page-firefox-retry1/trace.zip

    ────────────────────────────────────────────────────────────────────────────────────────────────
]]>
</failure>
<system-out>
<![CDATA[
[[ATTACHMENT|generated-flow_localzoho_c-bb56a-ho-com-should-load-the-page-firefox/test-failed-1.png]]

[[ATTACHMENT|generated-flow_localzoho_c-bb56a-ho-com-should-load-the-page-firefox/video.webm]]

[[ATTACHMENT|generated-flow_localzoho_c-bb56a-ho-com-should-load-the-page-firefox/error-context.md]]

[[ATTACHMENT|generated-flow_localzoho_c-bb56a-ho-com-should-load-the-page-firefox-retry1/test-failed-1.png]]

[[ATTACHMENT|generated-flow_localzoho_c-bb56a-ho-com-should-load-the-page-firefox-retry1/video.webm]]

[[ATTACHMENT|generated-flow_localzoho_c-bb56a-ho-com-should-load-the-page-firefox-retry1/error-context.md]]

[[ATTACHMENT|generated-flow_localzoho_c-bb56a-ho-com-should-load-the-page-firefox-retry1/trace.zip]]
]]>
</system-out>
</testcase>
<testcase name="https://flow.localzoho.com › should have a search bar" classname="generated/flow_localzoho_com.spec.ts" time="2.35">
<failure message="flow_localzoho_com.spec.ts:12:7 should have a search bar" type="FAILURE">
<![CDATA[  [firefox] › generated/flow_localzoho_com.spec.ts:12:7 › https://flow.localzoho.com › should have a search bar 

    Error: page.goto: NS_ERROR_CONNECTION_REFUSED
    Call log:
      - navigating to "https://flow.localzoho.com/", waiting until "load"


      3 | test.describe('https://flow.localzoho.com', () => {
      4 |   test.beforeEach(async ({ page }) => {
    > 5 |     await page.goto('https://flow.localzoho.com');
        |                ^
      6 |   });
      7 |
      8 |   test('should load the page', async ({ page }) => {
        at /Users/mani-19773/automation-framework/src/tests/generated/flow_localzoho_com.spec.ts:5:16

    attachment #1: screenshot (image/png) ──────────────────────────────────────────────────────────
    ../../test-results/generated-flow_localzoho_c-041ab-om-should-have-a-search-bar-firefox/test-failed-1.png
    ────────────────────────────────────────────────────────────────────────────────────────────────

    attachment #2: video (video/webm) ──────────────────────────────────────────────────────────────
    ../../test-results/generated-flow_localzoho_c-041ab-om-should-have-a-search-bar-firefox/video.webm
    ────────────────────────────────────────────────────────────────────────────────────────────────

    Error Context: ../../test-results/generated-flow_localzoho_c-041ab-om-should-have-a-search-bar-firefox/error-context.md

    Retry #1 ───────────────────────────────────────────────────────────────────────────────────────

    Error: page.goto: NS_ERROR_CONNECTION_REFUSED
    Call log:
      - navigating to "https://flow.localzoho.com/", waiting until "load"


      3 | test.describe('https://flow.localzoho.com', () => {
      4 |   test.beforeEach(async ({ page }) => {
    > 5 |     await page.goto('https://flow.localzoho.com');
        |                ^
      6 |   });
      7 |
      8 |   test('should load the page', async ({ page }) => {
        at /Users/mani-19773/automation-framework/src/tests/generated/flow_localzoho_com.spec.ts:5:16

    attachment #1: screenshot (image/png) ──────────────────────────────────────────────────────────
    ../../test-results/generated-flow_localzoho_c-041ab-om-should-have-a-search-bar-firefox-retry1/test-failed-1.png
    ────────────────────────────────────────────────────────────────────────────────────────────────

    attachment #2: video (video/webm) ──────────────────────────────────────────────────────────────
    ../../test-results/generated-flow_localzoho_c-041ab-om-should-have-a-search-bar-firefox-retry1/video.webm
    ────────────────────────────────────────────────────────────────────────────────────────────────

    Error Context: ../../test-results/generated-flow_localzoho_c-041ab-om-should-have-a-search-bar-firefox-retry1/error-context.md

    attachment #4: trace (application/zip) ─────────────────────────────────────────────────────────
    ../../test-results/generated-flow_localzoho_c-041ab-om-should-have-a-search-bar-firefox-retry1/trace.zip
    Usage:

        npx playwright show-trace ../../test-results/generated-flow_localzoho_c-041ab-om-should-have-a-search-bar-firefox-retry1/trace.zip

    ────────────────────────────────────────────────────────────────────────────────────────────────
]]>
</failure>
<system-out>
<![CDATA[
[[ATTACHMENT|generated-flow_localzoho_c-041ab-om-should-have-a-search-bar-firefox/test-failed-1.png]]

[[ATTACHMENT|generated-flow_localzoho_c-041ab-om-should-have-a-search-bar-firefox/video.webm]]

[[ATTACHMENT|generated-flow_localzoho_c-041ab-om-should-have-a-search-bar-firefox/error-context.md]]

[[ATTACHMENT|generated-flow_localzoho_c-041ab-om-should-have-a-search-bar-firefox-retry1/test-failed-1.png]]

[[ATTACHMENT|generated-flow_localzoho_c-041ab-om-should-have-a-search-bar-firefox-retry1/video.webm]]

[[ATTACHMENT|generated-flow_localzoho_c-041ab-om-should-have-a-search-bar-firefox-retry1/error-context.md]]

[[ATTACHMENT|generated-flow_localzoho_c-041ab-om-should-have-a-search-bar-firefox-retry1/trace.zip]]
]]>
</system-out>
</testcase>
<testcase name="https://flow.localzoho.com › should have a signup form" classname="generated/flow_localzoho_com.spec.ts" time="2.364">
<failure message="flow_localzoho_com.spec.ts:17:7 should have a signup form" type="FAILURE">
<![CDATA[  [firefox] › generated/flow_localzoho_com.spec.ts:17:7 › https://flow.localzoho.com › should have a signup form 

    Error: page.goto: NS_ERROR_CONNECTION_REFUSED
    Call log:
      - navigating to "https://flow.localzoho.com/", waiting until "load"


      3 | test.describe('https://flow.localzoho.com', () => {
      4 |   test.beforeEach(async ({ page }) => {
    > 5 |     await page.goto('https://flow.localzoho.com');
        |                ^
      6 |   });
      7 |
      8 |   test('should load the page', async ({ page }) => {
        at /Users/mani-19773/automation-framework/src/tests/generated/flow_localzoho_com.spec.ts:5:16

    attachment #1: screenshot (image/png) ──────────────────────────────────────────────────────────
    ../../test-results/generated-flow_localzoho_c-f89a7-m-should-have-a-signup-form-firefox/test-failed-1.png
    ────────────────────────────────────────────────────────────────────────────────────────────────

    attachment #2: video (video/webm) ──────────────────────────────────────────────────────────────
    ../../test-results/generated-flow_localzoho_c-f89a7-m-should-have-a-signup-form-firefox/video.webm
    ────────────────────────────────────────────────────────────────────────────────────────────────

    Error Context: ../../test-results/generated-flow_localzoho_c-f89a7-m-should-have-a-signup-form-firefox/error-context.md

    Retry #1 ───────────────────────────────────────────────────────────────────────────────────────

    Error: page.goto: NS_ERROR_CONNECTION_REFUSED
    Call log:
      - navigating to "https://flow.localzoho.com/", waiting until "load"


      3 | test.describe('https://flow.localzoho.com', () => {
      4 |   test.beforeEach(async ({ page }) => {
    > 5 |     await page.goto('https://flow.localzoho.com');
        |                ^
      6 |   });
      7 |
      8 |   test('should load the page', async ({ page }) => {
        at /Users/mani-19773/automation-framework/src/tests/generated/flow_localzoho_com.spec.ts:5:16

    attachment #1: screenshot (image/png) ──────────────────────────────────────────────────────────
    ../../test-results/generated-flow_localzoho_c-f89a7-m-should-have-a-signup-form-firefox-retry1/test-failed-1.png
    ────────────────────────────────────────────────────────────────────────────────────────────────

    attachment #2: video (video/webm) ──────────────────────────────────────────────────────────────
    ../../test-results/generated-flow_localzoho_c-f89a7-m-should-have-a-signup-form-firefox-retry1/video.webm
    ────────────────────────────────────────────────────────────────────────────────────────────────

    Error Context: ../../test-results/generated-flow_localzoho_c-f89a7-m-should-have-a-signup-form-firefox-retry1/error-context.md

    attachment #4: trace (application/zip) ─────────────────────────────────────────────────────────
    ../../test-results/generated-flow_localzoho_c-f89a7-m-should-have-a-signup-form-firefox-retry1/trace.zip
    Usage:

        npx playwright show-trace ../../test-results/generated-flow_localzoho_c-f89a7-m-should-have-a-signup-form-firefox-retry1/trace.zip

    ────────────────────────────────────────────────────────────────────────────────────────────────
]]>
</failure>
<system-out>
<![CDATA[
[[ATTACHMENT|generated-flow_localzoho_c-f89a7-m-should-have-a-signup-form-firefox/test-failed-1.png]]

[[ATTACHMENT|generated-flow_localzoho_c-f89a7-m-should-have-a-signup-form-firefox/video.webm]]

[[ATTACHMENT|generated-flow_localzoho_c-f89a7-m-should-have-a-signup-form-firefox/error-context.md]]

[[ATTACHMENT|generated-flow_localzoho_c-f89a7-m-should-have-a-signup-form-firefox-retry1/test-failed-1.png]]

[[ATTACHMENT|generated-flow_localzoho_c-f89a7-m-should-have-a-signup-form-firefox-retry1/video.webm]]

[[ATTACHMENT|generated-flow_localzoho_c-f89a7-m-should-have-a-signup-form-firefox-retry1/error-context.md]]

[[ATTACHMENT|generated-flow_localzoho_c-f89a7-m-should-have-a-signup-form-firefox-retry1/trace.zip]]
]]>
</system-out>
</testcase>
<testcase name="https://flow.localzoho.com › should have a skip to main content link" classname="generated/flow_localzoho_com.spec.ts" time="2.248">
<failure message="flow_localzoho_com.spec.ts:22:7 should have a skip to main content link" type="FAILURE">
<![CDATA[  [firefox] › generated/flow_localzoho_com.spec.ts:22:7 › https://flow.localzoho.com › should have a skip to main content link 

    Error: page.goto: NS_ERROR_CONNECTION_REFUSED
    Call log:
      - navigating to "https://flow.localzoho.com/", waiting until "load"


      3 | test.describe('https://flow.localzoho.com', () => {
      4 |   test.beforeEach(async ({ page }) => {
    > 5 |     await page.goto('https://flow.localzoho.com');
        |                ^
      6 |   });
      7 |
      8 |   test('should load the page', async ({ page }) => {
        at /Users/mani-19773/automation-framework/src/tests/generated/flow_localzoho_com.spec.ts:5:16

    attachment #1: screenshot (image/png) ──────────────────────────────────────────────────────────
    ../../test-results/generated-flow_localzoho_c-093fe-a-skip-to-main-content-link-firefox/test-failed-1.png
    ────────────────────────────────────────────────────────────────────────────────────────────────

    attachment #2: video (video/webm) ──────────────────────────────────────────────────────────────
    ../../test-results/generated-flow_localzoho_c-093fe-a-skip-to-main-content-link-firefox/video.webm
    ────────────────────────────────────────────────────────────────────────────────────────────────

    Error Context: ../../test-results/generated-flow_localzoho_c-093fe-a-skip-to-main-content-link-firefox/error-context.md

    Retry #1 ───────────────────────────────────────────────────────────────────────────────────────

    Error: page.goto: NS_ERROR_CONNECTION_REFUSED
    Call log:
      - navigating to "https://flow.localzoho.com/", waiting until "load"


      3 | test.describe('https://flow.localzoho.com', () => {
      4 |   test.beforeEach(async ({ page }) => {
    > 5 |     await page.goto('https://flow.localzoho.com');
        |                ^
      6 |   });
      7 |
      8 |   test('should load the page', async ({ page }) => {
        at /Users/mani-19773/automation-framework/src/tests/generated/flow_localzoho_com.spec.ts:5:16

    attachment #1: screenshot (image/png) ──────────────────────────────────────────────────────────
    ../../test-results/generated-flow_localzoho_c-093fe-a-skip-to-main-content-link-firefox-retry1/test-failed-1.png
    ────────────────────────────────────────────────────────────────────────────────────────────────

    attachment #2: video (video/webm) ──────────────────────────────────────────────────────────────
    ../../test-results/generated-flow_localzoho_c-093fe-a-skip-to-main-content-link-firefox-retry1/video.webm
    ────────────────────────────────────────────────────────────────────────────────────────────────

    Error Context: ../../test-results/generated-flow_localzoho_c-093fe-a-skip-to-main-content-link-firefox-retry1/error-context.md

    attachment #4: trace (application/zip) ─────────────────────────────────────────────────────────
    ../../test-results/generated-flow_localzoho_c-093fe-a-skip-to-main-content-link-firefox-retry1/trace.zip
    Usage:

        npx playwright show-trace ../../test-results/generated-flow_localzoho_c-093fe-a-skip-to-main-content-link-firefox-retry1/trace.zip

    ────────────────────────────────────────────────────────────────────────────────────────────────
]]>
</failure>
<system-out>
<![CDATA[
[[ATTACHMENT|generated-flow_localzoho_c-093fe-a-skip-to-main-content-link-firefox/test-failed-1.png]]

[[ATTACHMENT|generated-flow_localzoho_c-093fe-a-skip-to-main-content-link-firefox/video.webm]]

[[ATTACHMENT|generated-flow_localzoho_c-093fe-a-skip-to-main-content-link-firefox/error-context.md]]

[[ATTACHMENT|generated-flow_localzoho_c-093fe-a-skip-to-main-content-link-firefox-retry1/test-failed-1.png]]

[[ATTACHMENT|generated-flow_localzoho_c-093fe-a-skip-to-main-content-link-firefox-retry1/video.webm]]

[[ATTACHMENT|generated-flow_localzoho_c-093fe-a-skip-to-main-content-link-firefox-retry1/error-context.md]]

[[ATTACHMENT|generated-flow_localzoho_c-093fe-a-skip-to-main-content-link-firefox-retry1/trace.zip]]
]]>
</system-out>
</testcase>
<testcase name="https://flow.localzoho.com › should have navigation links" classname="generated/flow_localzoho_com.spec.ts" time="2.291">
<failure message="flow_localzoho_com.spec.ts:27:7 should have navigation links" type="FAILURE">
<![CDATA[  [firefox] › generated/flow_localzoho_com.spec.ts:27:7 › https://flow.localzoho.com › should have navigation links 

    Error: page.goto: NS_ERROR_CONNECTION_REFUSED
    Call log:
      - navigating to "https://flow.localzoho.com/", waiting until "load"


      3 | test.describe('https://flow.localzoho.com', () => {
      4 |   test.beforeEach(async ({ page }) => {
    > 5 |     await page.goto('https://flow.localzoho.com');
        |                ^
      6 |   });
      7 |
      8 |   test('should load the page', async ({ page }) => {
        at /Users/mani-19773/automation-framework/src/tests/generated/flow_localzoho_com.spec.ts:5:16

    attachment #1: screenshot (image/png) ──────────────────────────────────────────────────────────
    ../../test-results/generated-flow_localzoho_c-1fbb9-hould-have-navigation-links-firefox/test-failed-1.png
    ────────────────────────────────────────────────────────────────────────────────────────────────

    attachment #2: video (video/webm) ──────────────────────────────────────────────────────────────
    ../../test-results/generated-flow_localzoho_c-1fbb9-hould-have-navigation-links-firefox/video.webm
    ────────────────────────────────────────────────────────────────────────────────────────────────

    Error Context: ../../test-results/generated-flow_localzoho_c-1fbb9-hould-have-navigation-links-firefox/error-context.md

    Retry #1 ───────────────────────────────────────────────────────────────────────────────────────

    Error: page.goto: NS_ERROR_CONNECTION_REFUSED
    Call log:
      - navigating to "https://flow.localzoho.com/", waiting until "load"


      3 | test.describe('https://flow.localzoho.com', () => {
      4 |   test.beforeEach(async ({ page }) => {
    > 5 |     await page.goto('https://flow.localzoho.com');
        |                ^
      6 |   });
      7 |
      8 |   test('should load the page', async ({ page }) => {
        at /Users/mani-19773/automation-framework/src/tests/generated/flow_localzoho_com.spec.ts:5:16

    attachment #1: screenshot (image/png) ──────────────────────────────────────────────────────────
    ../../test-results/generated-flow_localzoho_c-1fbb9-hould-have-navigation-links-firefox-retry1/test-failed-1.png
    ────────────────────────────────────────────────────────────────────────────────────────────────

    attachment #2: video (video/webm) ──────────────────────────────────────────────────────────────
    ../../test-results/generated-flow_localzoho_c-1fbb9-hould-have-navigation-links-firefox-retry1/video.webm
    ────────────────────────────────────────────────────────────────────────────────────────────────

    Error Context: ../../test-results/generated-flow_localzoho_c-1fbb9-hould-have-navigation-links-firefox-retry1/error-context.md

    attachment #4: trace (application/zip) ─────────────────────────────────────────────────────────
    ../../test-results/generated-flow_localzoho_c-1fbb9-hould-have-navigation-links-firefox-retry1/trace.zip
    Usage:

        npx playwright show-trace ../../test-results/generated-flow_localzoho_c-1fbb9-hould-have-navigation-links-firefox-retry1/trace.zip

    ────────────────────────────────────────────────────────────────────────────────────────────────
]]>
</failure>
<system-out>
<![CDATA[
[[ATTACHMENT|generated-flow_localzoho_c-1fbb9-hould-have-navigation-links-firefox/test-failed-1.png]]

[[ATTACHMENT|generated-flow_localzoho_c-1fbb9-hould-have-navigation-links-firefox/video.webm]]

[[ATTACHMENT|generated-flow_localzoho_c-1fbb9-hould-have-navigation-links-firefox/error-context.md]]

[[ATTACHMENT|generated-flow_localzoho_c-1fbb9-hould-have-navigation-links-firefox-retry1/test-failed-1.png]]

[[ATTACHMENT|generated-flow_localzoho_c-1fbb9-hould-have-navigation-links-firefox-retry1/video.webm]]

[[ATTACHMENT|generated-flow_localzoho_c-1fbb9-hould-have-navigation-links-firefox-retry1/error-context.md]]

[[ATTACHMENT|generated-flow_localzoho_c-1fbb9-hould-have-navigation-links-firefox-retry1/trace.zip]]
]]>
</system-out>
</testcase>
</testsuite>
<testsuite name="generated/flow_localzoho_com.spec.ts" timestamp="2026-03-23T15:28:55.576Z" hostname="mobile" tests="5" failures="4" skipped="0" time="66.388" errors="0">
<testcase name="https://flow.localzoho.com › should load the page" classname="generated/flow_localzoho_com.spec.ts" time="20.211">
<failure message="flow_localzoho_com.spec.ts:8:7 should load the page" type="FAILURE">
<![CDATA[  [mobile] › generated/flow_localzoho_com.spec.ts:8:7 › https://flow.localzoho.com › should load the page 

    Error: expect(page).toHaveURL(expected) failed

    Expected: "https://flow.localzoho.com/"
    Received: "https://www.localzoho.com/flow/"
    Timeout:  5000ms

    Call log:
      - Expect "toHaveURL" with timeout 5000ms
        9 × unexpected value "https://www.localzoho.com/flow/"


       7 |
       8 |   test('should load the page', async ({ page }) => {
    >  9 |     await expect(page).toHaveURL('https://flow.localzoho.com');
         |                        ^
      10 |   });
      11 |
      12 |   test('should have a search bar', async ({ page }) => {
        at /Users/mani-19773/automation-framework/src/tests/generated/flow_localzoho_com.spec.ts:9:24

    attachment #1: screenshot (image/png) ──────────────────────────────────────────────────────────
    ../../test-results/generated-flow_localzoho_c-bb56a-ho-com-should-load-the-page-mobile/test-failed-1.png
    ────────────────────────────────────────────────────────────────────────────────────────────────

    attachment #2: video (video/webm) ──────────────────────────────────────────────────────────────
    ../../test-results/generated-flow_localzoho_c-bb56a-ho-com-should-load-the-page-mobile/video.webm
    ────────────────────────────────────────────────────────────────────────────────────────────────

    Error Context: ../../test-results/generated-flow_localzoho_c-bb56a-ho-com-should-load-the-page-mobile/error-context.md

    Retry #1 ───────────────────────────────────────────────────────────────────────────────────────

    Error: expect(page).toHaveURL(expected) failed

    Expected: "https://flow.localzoho.com/"
    Received: "https://www.localzoho.com/flow/"
    Timeout:  5000ms

    Call log:
      - Expect "toHaveURL" with timeout 5000ms
        9 × unexpected value "https://www.localzoho.com/flow/"


       7 |
       8 |   test('should load the page', async ({ page }) => {
    >  9 |     await expect(page).toHaveURL('https://flow.localzoho.com');
         |                        ^
      10 |   });
      11 |
      12 |   test('should have a search bar', async ({ page }) => {
        at /Users/mani-19773/automation-framework/src/tests/generated/flow_localzoho_com.spec.ts:9:24

    attachment #1: screenshot (image/png) ──────────────────────────────────────────────────────────
    ../../test-results/generated-flow_localzoho_c-bb56a-ho-com-should-load-the-page-mobile-retry1/test-failed-1.png
    ────────────────────────────────────────────────────────────────────────────────────────────────

    attachment #2: video (video/webm) ──────────────────────────────────────────────────────────────
    ../../test-results/generated-flow_localzoho_c-bb56a-ho-com-should-load-the-page-mobile-retry1/video.webm
    ────────────────────────────────────────────────────────────────────────────────────────────────

    Error Context: ../../test-results/generated-flow_localzoho_c-bb56a-ho-com-should-load-the-page-mobile-retry1/error-context.md

    attachment #4: trace (application/zip) ─────────────────────────────────────────────────────────
    ../../test-results/generated-flow_localzoho_c-bb56a-ho-com-should-load-the-page-mobile-retry1/trace.zip
    Usage:

        npx playwright show-trace ../../test-results/generated-flow_localzoho_c-bb56a-ho-com-should-load-the-page-mobile-retry1/trace.zip

    ────────────────────────────────────────────────────────────────────────────────────────────────
]]>
</failure>
<system-out>
<![CDATA[
[[ATTACHMENT|generated-flow_localzoho_c-bb56a-ho-com-should-load-the-page-mobile/test-failed-1.png]]

[[ATTACHMENT|generated-flow_localzoho_c-bb56a-ho-com-should-load-the-page-mobile/video.webm]]

[[ATTACHMENT|generated-flow_localzoho_c-bb56a-ho-com-should-load-the-page-mobile/error-context.md]]

[[ATTACHMENT|generated-flow_localzoho_c-bb56a-ho-com-should-load-the-page-mobile-retry1/test-failed-1.png]]

[[ATTACHMENT|generated-flow_localzoho_c-bb56a-ho-com-should-load-the-page-mobile-retry1/video.webm]]

[[ATTACHMENT|generated-flow_localzoho_c-bb56a-ho-com-should-load-the-page-mobile-retry1/error-context.md]]

[[ATTACHMENT|generated-flow_localzoho_c-bb56a-ho-com-should-load-the-page-mobile-retry1/trace.zip]]
]]>
</system-out>
</testcase>
<testcase name="https://flow.localzoho.com › should have a search bar" classname="generated/flow_localzoho_com.spec.ts" time="22.86">
<failure message="flow_localzoho_com.spec.ts:12:7 should have a search bar" type="FAILURE">
<![CDATA[  [mobile] › generated/flow_localzoho_com.spec.ts:12:7 › https://flow.localzoho.com › should have a search bar 

    Error: expect(locator).toBeVisible() failed

    Locator:  locator('#zgh-search-query')
    Expected: visible
    Received: hidden
    Timeout:  5000ms

    Call log:
      - Expect "toBeVisible" with timeout 5000ms
      - waiting for locator('#zgh-search-query')
        9 × locator resolved to <input type="text" name="query" autocomplete="off" aria-required="true" id="zgh-search-query" class="zgh-search-field" aria-label="Search for product overviews, FAQs, and more..." placeholder="Search for product overviews, FAQs, and more..."/>
          - unexpected value "hidden"


      12 |   test('should have a search bar', async ({ page }) => {
      13 |     const searchBar = page.locator('#zgh-search-query');
    > 14 |     await expect(searchBar).toBeVisible();
         |                             ^
      15 |   });
      16 |
      17 |   test('should have a signup form', async ({ page }) => {
        at /Users/mani-19773/automation-framework/src/tests/generated/flow_localzoho_com.spec.ts:14:29

    attachment #1: screenshot (image/png) ──────────────────────────────────────────────────────────
    ../../test-results/generated-flow_localzoho_c-041ab-om-should-have-a-search-bar-mobile/test-failed-1.png
    ────────────────────────────────────────────────────────────────────────────────────────────────

    attachment #2: video (video/webm) ──────────────────────────────────────────────────────────────
    ../../test-results/generated-flow_localzoho_c-041ab-om-should-have-a-search-bar-mobile/video.webm
    ────────────────────────────────────────────────────────────────────────────────────────────────

    Error Context: ../../test-results/generated-flow_localzoho_c-041ab-om-should-have-a-search-bar-mobile/error-context.md

    Retry #1 ───────────────────────────────────────────────────────────────────────────────────────

    Error: expect(locator).toBeVisible() failed

    Locator:  locator('#zgh-search-query')
    Expected: visible
    Received: hidden
    Timeout:  5000ms

    Call log:
      - Expect "toBeVisible" with timeout 5000ms
      - waiting for locator('#zgh-search-query')
        8 × locator resolved to <input type="text" name="query" autocomplete="off" aria-required="true" id="zgh-search-query" class="zgh-search-field" aria-label="Search for product overviews, FAQs, and more..." placeholder="Search for product overviews, FAQs, and more..."/>
          - unexpected value "hidden"


      12 |   test('should have a search bar', async ({ page }) => {
      13 |     const searchBar = page.locator('#zgh-search-query');
    > 14 |     await expect(searchBar).toBeVisible();
         |                             ^
      15 |   });
      16 |
      17 |   test('should have a signup form', async ({ page }) => {
        at /Users/mani-19773/automation-framework/src/tests/generated/flow_localzoho_com.spec.ts:14:29

    attachment #1: screenshot (image/png) ──────────────────────────────────────────────────────────
    ../../test-results/generated-flow_localzoho_c-041ab-om-should-have-a-search-bar-mobile-retry1/test-failed-1.png
    ────────────────────────────────────────────────────────────────────────────────────────────────

    attachment #2: video (video/webm) ──────────────────────────────────────────────────────────────
    ../../test-results/generated-flow_localzoho_c-041ab-om-should-have-a-search-bar-mobile-retry1/video.webm
    ────────────────────────────────────────────────────────────────────────────────────────────────

    Error Context: ../../test-results/generated-flow_localzoho_c-041ab-om-should-have-a-search-bar-mobile-retry1/error-context.md

    attachment #4: trace (application/zip) ─────────────────────────────────────────────────────────
    ../../test-results/generated-flow_localzoho_c-041ab-om-should-have-a-search-bar-mobile-retry1/trace.zip
    Usage:

        npx playwright show-trace ../../test-results/generated-flow_localzoho_c-041ab-om-should-have-a-search-bar-mobile-retry1/trace.zip

    ────────────────────────────────────────────────────────────────────────────────────────────────
]]>
</failure>
<system-out>
<![CDATA[
[[ATTACHMENT|generated-flow_localzoho_c-041ab-om-should-have-a-search-bar-mobile/test-failed-1.png]]

[[ATTACHMENT|generated-flow_localzoho_c-041ab-om-should-have-a-search-bar-mobile/video.webm]]

[[ATTACHMENT|generated-flow_localzoho_c-041ab-om-should-have-a-search-bar-mobile/error-context.md]]

[[ATTACHMENT|generated-flow_localzoho_c-041ab-om-should-have-a-search-bar-mobile-retry1/test-failed-1.png]]

[[ATTACHMENT|generated-flow_localzoho_c-041ab-om-should-have-a-search-bar-mobile-retry1/video.webm]]

[[ATTACHMENT|generated-flow_localzoho_c-041ab-om-should-have-a-search-bar-mobile-retry1/error-context.md]]

[[ATTACHMENT|generated-flow_localzoho_c-041ab-om-should-have-a-search-bar-mobile-retry1/trace.zip]]
]]>
</system-out>
</testcase>
<testcase name="https://flow.localzoho.com › should have a signup form" classname="generated/flow_localzoho_com.spec.ts" time="10.107">
<failure message="flow_localzoho_com.spec.ts:17:7 should have a signup form" type="FAILURE">
<![CDATA[  [mobile] › generated/flow_localzoho_com.spec.ts:17:7 › https://flow.localzoho.com › should have a signup form 

    Error: expect(locator).toBeVisible() failed

    Locator: locator('form')
    Expected: visible
    Error: strict mode violation: locator('form') resolved to 4 elements:
        1) <form name="" action="" id="zgh-search-action">…</form> aka locator('#zgh-search-action')
        2) <form method="post" novalidate="" id="signupform" name="signupform" autocomplete="off" class="banner-signup" action="//accounts.zoho.com/accounts/register.ac">…</form> aka locator('#signupform')
        3) <form id="footer-search-action">…</form> aka locator('#footer-search-action')
        4) <form action="" id="zmobile-menu-searchaction">…</form> aka locator('#zmobile-menu-searchaction')

    Call log:
      - Expect "toBeVisible" with timeout 5000ms
      - waiting for locator('form')


      17 |   test('should have a signup form', async ({ page }) => {
      18 |     const form = page.locator('form');
    > 19 |     await expect(form).toBeVisible();
         |                        ^
      20 |   });
      21 |
      22 |   test('should have a skip to main content link', async ({ page }) => {
        at /Users/mani-19773/automation-framework/src/tests/generated/flow_localzoho_com.spec.ts:19:24

    attachment #1: screenshot (image/png) ──────────────────────────────────────────────────────────
    ../../test-results/generated-flow_localzoho_c-f89a7-m-should-have-a-signup-form-mobile/test-failed-1.png
    ────────────────────────────────────────────────────────────────────────────────────────────────

    attachment #2: video (video/webm) ──────────────────────────────────────────────────────────────
    ../../test-results/generated-flow_localzoho_c-f89a7-m-should-have-a-signup-form-mobile/video.webm
    ────────────────────────────────────────────────────────────────────────────────────────────────

    Error Context: ../../test-results/generated-flow_localzoho_c-f89a7-m-should-have-a-signup-form-mobile/error-context.md

    Retry #1 ───────────────────────────────────────────────────────────────────────────────────────

    Error: expect(locator).toBeVisible() failed

    Locator: locator('form')
    Expected: visible
    Error: strict mode violation: locator('form') resolved to 4 elements:
        1) <form name="" action="" id="zgh-search-action">…</form> aka locator('#zgh-search-action')
        2) <form method="post" novalidate="" id="signupform" name="signupform" autocomplete="off" class="banner-signup" action="//accounts.zoho.com/accounts/register.ac">…</form> aka locator('#signupform')
        3) <form id="footer-search-action">…</form> aka locator('#footer-search-action')
        4) <form action="" id="zmobile-menu-searchaction">…</form> aka locator('#zmobile-menu-searchaction')

    Call log:
      - Expect "toBeVisible" with timeout 5000ms
      - waiting for locator('form')


      17 |   test('should have a signup form', async ({ page }) => {
      18 |     const form = page.locator('form');
    > 19 |     await expect(form).toBeVisible();
         |                        ^
      20 |   });
      21 |
      22 |   test('should have a skip to main content link', async ({ page }) => {
        at /Users/mani-19773/automation-framework/src/tests/generated/flow_localzoho_com.spec.ts:19:24

    attachment #1: screenshot (image/png) ──────────────────────────────────────────────────────────
    ../../test-results/generated-flow_localzoho_c-f89a7-m-should-have-a-signup-form-mobile-retry1/test-failed-1.png
    ────────────────────────────────────────────────────────────────────────────────────────────────

    attachment #2: video (video/webm) ──────────────────────────────────────────────────────────────
    ../../test-results/generated-flow_localzoho_c-f89a7-m-should-have-a-signup-form-mobile-retry1/video.webm
    ────────────────────────────────────────────────────────────────────────────────────────────────

    Error Context: ../../test-results/generated-flow_localzoho_c-f89a7-m-should-have-a-signup-form-mobile-retry1/error-context.md

    attachment #4: trace (application/zip) ─────────────────────────────────────────────────────────
    ../../test-results/generated-flow_localzoho_c-f89a7-m-should-have-a-signup-form-mobile-retry1/trace.zip
    Usage:

        npx playwright show-trace ../../test-results/generated-flow_localzoho_c-f89a7-m-should-have-a-signup-form-mobile-retry1/trace.zip

    ────────────────────────────────────────────────────────────────────────────────────────────────
]]>
</failure>
<system-out>
<![CDATA[
[[ATTACHMENT|generated-flow_localzoho_c-f89a7-m-should-have-a-signup-form-mobile/test-failed-1.png]]

[[ATTACHMENT|generated-flow_localzoho_c-f89a7-m-should-have-a-signup-form-mobile/video.webm]]

[[ATTACHMENT|generated-flow_localzoho_c-f89a7-m-should-have-a-signup-form-mobile/error-context.md]]

[[ATTACHMENT|generated-flow_localzoho_c-f89a7-m-should-have-a-signup-form-mobile-retry1/test-failed-1.png]]

[[ATTACHMENT|generated-flow_localzoho_c-f89a7-m-should-have-a-signup-form-mobile-retry1/video.webm]]

[[ATTACHMENT|generated-flow_localzoho_c-f89a7-m-should-have-a-signup-form-mobile-retry1/error-context.md]]

[[ATTACHMENT|generated-flow_localzoho_c-f89a7-m-should-have-a-signup-form-mobile-retry1/trace.zip]]
]]>
</system-out>
</testcase>
<testcase name="https://flow.localzoho.com › should have a skip to main content link" classname="generated/flow_localzoho_com.spec.ts" time="3.793">
</testcase>
<testcase name="https://flow.localzoho.com › should have navigation links" classname="generated/flow_localzoho_com.spec.ts" time="9.417">
<failure message="flow_localzoho_com.spec.ts:27:7 should have navigation links" type="FAILURE">
<![CDATA[  [mobile] › generated/flow_localzoho_com.spec.ts:27:7 › https://flow.localzoho.com › should have navigation links 

    Error: expect: Property 'toHaveCountGreaterThan' not found.

      27 |   test('should have navigation links', async ({ page }) => {
      28 |     const links = page.locator('.nav-link');
    > 29 |     await expect(links).toHaveCountGreaterThan(0);
         |                        ^
      30 |   });
      31 | });
        at /Users/mani-19773/automation-framework/src/tests/generated/flow_localzoho_com.spec.ts:29:24

    attachment #1: screenshot (image/png) ──────────────────────────────────────────────────────────
    ../../test-results/generated-flow_localzoho_c-1fbb9-hould-have-navigation-links-mobile/test-failed-1.png
    ────────────────────────────────────────────────────────────────────────────────────────────────

    attachment #2: video (video/webm) ──────────────────────────────────────────────────────────────
    ../../test-results/generated-flow_localzoho_c-1fbb9-hould-have-navigation-links-mobile/video.webm
    ────────────────────────────────────────────────────────────────────────────────────────────────

    Error Context: ../../test-results/generated-flow_localzoho_c-1fbb9-hould-have-navigation-links-mobile/error-context.md

    Retry #1 ───────────────────────────────────────────────────────────────────────────────────────

    Error: expect: Property 'toHaveCountGreaterThan' not found.

      27 |   test('should have navigation links', async ({ page }) => {
      28 |     const links = page.locator('.nav-link');
    > 29 |     await expect(links).toHaveCountGreaterThan(0);
         |                        ^
      30 |   });
      31 | });
        at /Users/mani-19773/automation-framework/src/tests/generated/flow_localzoho_com.spec.ts:29:24

    attachment #1: screenshot (image/png) ──────────────────────────────────────────────────────────
    ../../test-results/generated-flow_localzoho_c-1fbb9-hould-have-navigation-links-mobile-retry1/test-failed-1.png
    ────────────────────────────────────────────────────────────────────────────────────────────────

    attachment #2: video (video/webm) ──────────────────────────────────────────────────────────────
    ../../test-results/generated-flow_localzoho_c-1fbb9-hould-have-navigation-links-mobile-retry1/video.webm
    ────────────────────────────────────────────────────────────────────────────────────────────────

    Error Context: ../../test-results/generated-flow_localzoho_c-1fbb9-hould-have-navigation-links-mobile-retry1/error-context.md

    attachment #4: trace (application/zip) ─────────────────────────────────────────────────────────
    ../../test-results/generated-flow_localzoho_c-1fbb9-hould-have-navigation-links-mobile-retry1/trace.zip
    Usage:

        npx playwright show-trace ../../test-results/generated-flow_localzoho_c-1fbb9-hould-have-navigation-links-mobile-retry1/trace.zip

    ────────────────────────────────────────────────────────────────────────────────────────────────
]]>
</failure>
<system-out>
<![CDATA[
[[ATTACHMENT|generated-flow_localzoho_c-1fbb9-hould-have-navigation-links-mobile/test-failed-1.png]]

[[ATTACHMENT|generated-flow_localzoho_c-1fbb9-hould-have-navigation-links-mobile/video.webm]]

[[ATTACHMENT|generated-flow_localzoho_c-1fbb9-hould-have-navigation-links-mobile/error-context.md]]

[[ATTACHMENT|generated-flow_localzoho_c-1fbb9-hould-have-navigation-links-mobile-retry1/test-failed-1.png]]

[[ATTACHMENT|generated-flow_localzoho_c-1fbb9-hould-have-navigation-links-mobile-retry1/video.webm]]

[[ATTACHMENT|generated-flow_localzoho_c-1fbb9-hould-have-navigation-links-mobile-retry1/error-context.md]]

[[ATTACHMENT|generated-flow_localzoho_c-1fbb9-hould-have-navigation-links-mobile-retry1/trace.zip]]
]]>
</system-out>
</testcase>
</testsuite>
</testsuites>